Microchip MPLAB XC8 Compiler V2.31

Linker command line:

-W-3 --edf=/Applications/microchip/xc8/v2.31/pic/dat/en_msgs.txt -cn \
  -h+dist/default/production/snake.X.production.sym \
  --cmf=dist/default/production/snake.X.production.cmf -z -Q18F46K22 \
  -o/tmp/xc6E1LbAb --defsym=__MPLAB_BUILD=1 \
  -Mdist/default/production/snake.X.production.map -E1 -ver=XC8 Compiler \
  --acfsm=1493 -ASTACK=0380h-0F37h -pstack=STACK -ACODE=00h-0FFFFh \
  -ACONST=00h-0FFFFh -ASMALLCONST=01000h-010FFhx240 \
  -AMEDIUMCONST=01000h-0FFFFh -ACOMRAM=01h-05Fh -AABS1=00h-0F37h \
  -ABIGRAM=01h-0F37h -ARAM=060h-0FFh,0100h-01FFhx14,0F00h-0F37h \
  -ABANK0=060h-0FFh -ABANK1=0100h-01FFh -ABANK2=0200h-02FFh \
  -ABANK3=0300h-03FFh -ABANK4=0400h-04FFh -ABANK5=0500h-05FFh \
  -ABANK6=0600h-06FFh -ABANK7=0700h-07FFh -ABANK8=0800h-08FFh \
  -ABANK9=0900h-09FFh -ABANK10=0A00h-0AFFh -ABANK11=0B00h-0BFFh \
  -ABANK12=0C00h-0CFFh -ABANK13=0D00h-0DFFh -ABANK14=0E00h-0EFFh \
  -ABANK15=0F00h-0F37h -ASFR=0F38h-0F5Fh,0F60h-0FFFh \
  -ACONFIG=0300000h-030000Dh -AIDLOC=0200000h-0200007h \
  -AEEDATA=0F00000h-0F003FFh -peeprom_data=EEDATA \
  -preset_vec=00h,intcode,intcodelo,powerup,init -pramtop=01000h \
  -psmallconst=SMALLCONST -pmediumconst=MEDIUMCONST -pconst=CONST \
  -AFARRAM=00h-00h \
  -prdata=COMRAM,nvrram=COMRAM,nvbit=COMRAM,rbss=COMRAM,rbit=COMRAM \
  -pfarbss=FARRAM,fardata=FARRAM,nvFARRAM=FARRAM \
  -pintsave_regs=BIGRAM,bigbss=BIGRAM,bigdata=BIGRAM -pbss=RAM \
  -pidata=CODE,irdata=CODE,ibigdata=CODE,ifardata=CODE -prparam=COMRAM \
  /tmp/xcgNKKdgD.o dist/default/production/snake.X.production.o 

Object code version is 3.11

Machine type is 18F46K22



                Name                               Link     Load   Length Selector   Space Scale
/tmp/xcgNKKdgD.o
                idloc                            200000   200000        8        0       5
                config                           300000   300000        E        0       4
                init                                  0        0        4        0       0
dist/default/production/snake.X.production.o
                idloc                            200000   200000        8        0       5
                config                           300000   300000        E        0       4
                smallconst                         1000     1000       82      800       0
                text12                             29BE     29BE       22      841       0
                text11                             29E0     29E0        8      841       0
                text10                             2968     2968       34      841       0
                text9                              299C     299C       22      841       0
                text8                              21E8     21E8      206      841       0
                text7                              27A6     27A6       AE      841       0
                text6                              25A2     25A2      104      841       0
                text5                              1B98     1B98      42A      841       0
                text4                              16D8     16D8      4C0      841       0
                text3                              2922     2922       46      841       0
                text2                              23EE     23EE      1B4      841       0
                text1                              1FC2     1FC2      226      841       0
                text0                              1082     1082      656      841       0
                cstackCOMRAM                          1        1       5F        1       1
                cstackBANK0                          60       60       9C       60       1
                cstackBANK1                         100      100      100      100       1
                dataBANK3                           300      300       80      300       1
                dataBANK2                           200      200      100      200       1
                cinit                              28D4     28D4       4E      841       0
                idataBANK3                         2854     2854       80      841       0
                idataBANK2                         26A6     26A6      100      841       0

TOTAL           Name                               Link     Load   Length     Space
        CLASS   STACK          

        CLASS   CODE           
                init                                  0        0        4         0
                text12                             29BE     29BE       22         0
                text11                             29E0     29E0        8         0
                text10                             2968     2968       34         0
                text9                              299C     299C       22         0
                text8                              21E8     21E8      206         0
                text7                              27A6     27A6       AE         0
                text6                              25A2     25A2      104         0
                text5                              1B98     1B98      42A         0
                text4                              16D8     16D8      4C0         0
                text3                              2922     2922       46         0
                text2                              23EE     23EE      1B4         0
                text1                              1FC2     1FC2      226         0
                text0                              1082     1082      656         0
                cinit                              28D4     28D4       4E         0
                idataBANK3                         2854     2854       80         0
                idataBANK2                         26A6     26A6      100         0

        CLASS   CONST          

        CLASS   SMALLCONST     
                smallconst                         1000     1000       82         0

        CLASS   MEDIUMCONST    

        CLASS   COMRAM         
                cstackCOMRAM                          1        1       5F         1

        CLASS   ABS1           

        CLASS   BIGRAM         

        CLASS   RAM            

        CLASS   BANK0          
                cstackBANK0                          60       60       9C         1

        CLASS   BANK1          
                cstackBANK1                         100      100      100         1

        CLASS   BANK2          
                dataBANK2                           200      200      100         1

        CLASS   BANK3          
                dataBANK3                           300      300       80         1

        CLASS   BANK4          

        CLASS   BANK5          

        CLASS   BANK6          

        CLASS   BANK7          

        CLASS   BANK8          

        CLASS   BANK9          

        CLASS   BANK10         

        CLASS   BANK11         

        CLASS   BANK12         

        CLASS   BANK13         

        CLASS   BANK14         

        CLASS   BANK15         

        CLASS   SFR            

        CLASS   CONFIG         
                config                           300000   300000        E         4

        CLASS   IDLOC          
                idloc                            200000   200000        8         5

        CLASS   EEDATA         

        CLASS   FARRAM         



SEGMENTS        Name                           Load    Length   Top    Selector   Space  Class

                cstackBANK1                    000100  000100  000200       100       1  BANK1   
                dataBANK2                      000200  000100  000300       200       1  BANK2   
                reset_vec                      000000  000004  000004         0       0  CODE    
                text0                          001082  001966  0029E8       841       0  CODE    
                dataBANK3                      000300  000080  000380       300       1  BANK3   
                cstackBANK0                    000060  00009C  0000FC        60       1  BANK0   
                smallconst                     001000  000082  001082       800       0  SMALLCON
                cstackCOMRAM                   000001  00005F  000060         1       1  COMRAM  


UNUSED ADDRESS RANGES

        Name                Unused          Largest block    Delta
        BANK0            0000FC-0000FF                4
        BANK10           000A00-000AFF              100
        BANK11           000B00-000BFF              100
        BANK12           000C00-000CFF              100
        BANK13           000D00-000DFF              100
        BANK14           000E00-000EFF              100
        BANK15           000F00-000F37               38
        BANK3            000380-0003FF               80
        BANK4            000400-0004FF              100
        BANK5            000500-0005FF              100
        BANK6            000600-0006FF              100
        BANK7            000700-0007FF              100
        BANK8            000800-0008FF              100
        BANK9            000900-0009FF              100
        BIGRAM           0000FC-0000FF                4
                         000380-000F37              BB8
        CODE             000004-000FFF              FFC
                         0029E8-00FFFF             D618
        CONST            000004-000FFF              FFC
                         0029E8-00FFFF             D618
        EEDATA           F00000-F003FF              400
        MEDIUMCONST      0029E8-00FFFF             D618
        RAM              0000FC-0000FF                4
                         000380-000F37              100
        SFR              000F38-000FFF               28
        SMALLCONST       0029E8-00FFFF              100
        STACK            000380-000F37              BB8

                                  Symbol Table

?___fladd                cstackCOMRAM 000028
?___flmul                cstackCOMRAM 00000F
?___flsub                cstackCOMRAM 000038
?___xxtofl               cstackCOMRAM 000001
BOARD_LIGHT@X            cstackCOMRAM 000003
BOARD_LIGHT@Y            cstackCOMRAM 000001
BUTTON_CONTROL@Direction cstackCOMRAM 000001
PRINT_SNAKE@Cycle        cstackCOMRAM 00004C
PRINT_SNAKE@Direction    cstackCOMRAM 00005A
PRINT_SNAKE@FoodX        cstackCOMRAM 000056
PRINT_SNAKE@FoodY        cstackCOMRAM 000058
PRINT_SNAKE@SnakeLength  cstackCOMRAM 000050
PRINT_SNAKE@SnakeX       cstackCOMRAM 000052
PRINT_SNAKE@SnakeY       cstackCOMRAM 000054
PRINT_SNAKE@i            cstackBANK0  000066
PRINT_SNAKE@j            cstackBANK0  000064
_ANSELA                  (abs)        000F38
_ANSELB                  (abs)        000F39
_ANSELC                  (abs)        000F3A
_ANSELD                  (abs)        000F3B
_ANSELE                  (abs)        000F3C
_BOARD_CLEAN             text9        00299C
_BOARD_FULL              text12       0029BE
_BOARD_LIGHT             text8        0021E8
_BUTTON_CONTROL          text7        0027A6
_Col0                    smallconst   001079
_Col1                    smallconst   001071
_Col2                    smallconst   001069
_Col3                    smallconst   001061
_Col4                    smallconst   001059
_Col5                    smallconst   001051
_Col6                    smallconst   001049
_Col7                    smallconst   001041
_LATAbits                (abs)        000F89
_LATCbits                (abs)        000F8B
_LATDbits                (abs)        000F8C
_LATEbits                (abs)        000F8D
_OSCCONbits              (abs)        000FD3
_OSCILLATOR              text11       0029E0
_OSCTUNEbits             (abs)        000F9B
_PIN_MANAGER             text10       002968
_PORTBbits               (abs)        000F81
_PRINT_SNAKE             text1        001FC2
_PRINT_SNAKE$1114        cstackBANK0  000060
_Row0                    smallconst   001039
_Row1                    smallconst   001031
_Row2                    smallconst   001029
_Row3                    smallconst   001021
_Row4                    smallconst   001019
_Row5                    smallconst   001011
_Row6                    smallconst   001009
_Row7                    smallconst   001001
_TRISA                   (abs)        000F92
_TRISB                   (abs)        000F93
_TRISC                   (abs)        000F94
_TRISD                   (abs)        000F95
_TRISE                   (abs)        000F96
_WPUBbits                (abs)        000F61
__HRAM                   (abs)        000000
__Habs1                  abs1         000000
__Hbank0                 bank0        000000
__Hbank1                 bank1        000000
__Hbank10                bank10       000000
__Hbank11                bank11       000000
__Hbank12                bank12       000000
__Hbank13                bank13       000000
__Hbank14                bank14       000000
__Hbank15                bank15       000000
__Hbank2                 bank2        000000
__Hbank3                 bank3        000000
__Hbank4                 bank4        000000
__Hbank5                 bank5        000000
__Hbank6                 bank6        000000
__Hbank7                 bank7        000000
__Hbank8                 bank8        000000
__Hbank9                 bank9        000000
__Hbigbss                bigbss       000000
__Hbigdata               bigdata      000000
__Hbigram                bigram       000000
__Hbss                   bss          000000
__Hcinit                 cinit        000000
__Hclrtext               clrtext      000000
__Hcomram                comram       000000
__Hconfig                config       30000E
__Hconst                 const        000000
__HcstackBANK0           cstackBANK0  000000
__HcstackBANK1           cstackBANK1  000000
__HcstackCOMRAM          cstackCOMRAM 000000
__Hdata                  data         000000
__HdataBANK2             dataBANK2    000000
__HdataBANK3             dataBANK3    000000
__Heeprom_data           eeprom_data  000000
__Hfarbss                farbss       000000
__Hfardata               fardata      000000
__Hibigdata              ibigdata     000000
__Hidata                 idata        000000
__HidataBANK2            idataBANK2   000000
__HidataBANK3            idataBANK3   000000
__Hidloc                 idloc        200008
__Hifardata              ifardata     000000
__Hinit                  init         000004
__Hintcode               intcode      000000
__Hintcode_body          intcode_body 000000
__Hintcodelo             intcodelo    000000
__Hintentry              intentry     000000
__Hintret                intret       000000
__Hintsave_regs          intsave_regs 000000
__Hirdata                irdata       000000
__Hmediumconst           mediumconst  000000
__HnvFARRAM              nvFARRAM     000000
__Hnvbit                 nvbit        000000
__Hnvrram                nvrram       000000
__Hparam                 rparam       000000
__Hpowerup               powerup      000000
__Hram                   ram          000000
__Hramtop                ramtop       001000
__Hrbit                  rbit         000000
__Hrbss                  rbss         000000
__Hrdata                 rdata        000000
__Hreset_vec             reset_vec    000000
__Hrparam                rparam       000000
__Hsfr                   sfr          000000
__Hsmallconst            smallconst   001082
__Hspace_0               (abs)        0029E8
__Hspace_1               (abs)        000380
__Hspace_2               (abs)        000000
__Hspace_4               (abs)        60000E
__Hstack                 stack        000000
__Hstruct                struct       000000
__Htemp                  temp         000000
__Htext                  text         000000
__Htext0                 text0        000000
__Htext1                 text1        000000
__Htext10                text10       000000
__Htext11                text11       000000
__Htext12                text12       000000
__Htext2                 text2        000000
__Htext3                 text3        000000
__Htext4                 text4        000000
__Htext5                 text5        000000
__Htext6                 text6        000000
__Htext7                 text7        000000
__Htext8                 text8        000000
__Htext9                 text9        000000
__LRAM                   (abs)        000001
__Labs1                  abs1         000000
__Lbank0                 bank0        000000
__Lbank1                 bank1        000000
__Lbank10                bank10       000000
__Lbank11                bank11       000000
__Lbank12                bank12       000000
__Lbank13                bank13       000000
__Lbank14                bank14       000000
__Lbank15                bank15       000000
__Lbank2                 bank2        000000
__Lbank3                 bank3        000000
__Lbank4                 bank4        000000
__Lbank5                 bank5        000000
__Lbank6                 bank6        000000
__Lbank7                 bank7        000000
__Lbank8                 bank8        000000
__Lbank9                 bank9        000000
__Lbigbss                bigbss       000000
__Lbigdata               bigdata      000000
__Lbigram                bigram       000000
__Lbss                   bss          000000
__Lcinit                 cinit        000000
__Lclrtext               clrtext      000000
__Lcomram                comram       000000
__Lconfig                config       000000
__Lconst                 const        000000
__LcstackBANK0           cstackBANK0  000000
__LcstackBANK1           cstackBANK1  000000
__LcstackCOMRAM          cstackCOMRAM 000000
__Ldata                  data         000000
__LdataBANK2             dataBANK2    000000
__LdataBANK3             dataBANK3    000000
__Leeprom_data           eeprom_data  000000
__Lfarbss                farbss       000000
__Lfardata               fardata      000000
__Libigdata              ibigdata     000000
__Lidata                 idata        000000
__LidataBANK2            idataBANK2   000000
__LidataBANK3            idataBANK3   000000
__Lidloc                 idloc        000000
__Lifardata              ifardata     000000
__Linit                  init         000000
__Lintcode               intcode      000000
__Lintcode_body          intcode_body 000000
__Lintcodelo             intcodelo    000000
__Lintentry              intentry     000000
__Lintret                intret       000000
__Lintsave_regs          intsave_regs 000000
__Lirdata                irdata       000000
__Lmediumconst           mediumconst  000000
__LnvFARRAM              nvFARRAM     000000
__Lnvbit                 nvbit        000000
__Lnvrram                nvrram       000000
__Lparam                 rparam       000000
__Lpowerup               powerup      000000
__Lram                   ram          000000
__Lramtop                ramtop       001000
__Lrbit                  rbit         000000
__Lrbss                  rbss         000000
__Lrdata                 rdata        000000
__Lreset_vec             reset_vec    000000
__Lrparam                rparam       000000
__Lsfr                   sfr          000000
__Lsmallconst            smallconst   001000
__Lspace_0               (abs)        000000
__Lspace_1               (abs)        000000
__Lspace_2               (abs)        000000
__Lspace_4               (abs)        000000
__Lstack                 stack        000000
__Lstruct                struct       000000
__Ltemp                  temp         000000
__Ltext                  text         000000
__Ltext0                 text0        000000
__Ltext1                 text1        000000
__Ltext10                text10       000000
__Ltext11                text11       000000
__Ltext12                text12       000000
__Ltext2                 text2        000000
__Ltext3                 text3        000000
__Ltext4                 text4        000000
__Ltext5                 text5        000000
__Ltext6                 text6        000000
__Ltext7                 text7        000000
__Ltext8                 text8        000000
__Ltext9                 text9        000000
__S0                     (abs)        0029E8
__S1                     (abs)        000380
__S2                     (abs)        000000
__S4                     (abs)        000000
__S5                     (abs)        000000
___fladd                 text4        0016D8
___fladd@a               cstackCOMRAM 00002C
___fladd@aexp            cstackCOMRAM 000035
___fladd@b               cstackCOMRAM 000028
___fladd@bexp            cstackCOMRAM 000036
___fladd@grs             cstackCOMRAM 000037
___fladd@signs           cstackCOMRAM 000034
___flge                  text6        0025A2
___flge@ff1              cstackCOMRAM 000040
___flge@ff2              cstackCOMRAM 000044
___flmul                 text5        001B98
___flmul@a               cstackCOMRAM 000013
___flmul@aexp            cstackCOMRAM 000020
___flmul@b               cstackCOMRAM 00000F
___flmul@bexp            cstackCOMRAM 000021
___flmul@grs             cstackCOMRAM 00001C
___flmul@prod            cstackCOMRAM 000022
___flmul@sign            cstackCOMRAM 00001B
___flmul@temp            cstackCOMRAM 000026
___flsub                 text3        002922
___flsub@a               cstackCOMRAM 00003C
___flsub@b               cstackCOMRAM 000038
___inthi_sp              stack        000000
___intlo_sp              stack        000000
___param_bank            (abs)        000000
___rparam_used           (abs)        000001
___sp                    stack        000000
___xxtofl                text2        0023EE
___xxtofl@arg            cstackCOMRAM 00000B
___xxtofl@exp            cstackCOMRAM 00000A
___xxtofl@sign           cstackCOMRAM 000009
___xxtofl@val            cstackCOMRAM 000001
__accesstop              (abs)        000060
__activetblptr           (abs)        000002
__end_of_BOARD_CLEAN     text9        0029BE
__end_of_BOARD_FULL      text12       0029E0
__end_of_BOARD_LIGHT     text8        0023EE
__end_of_BUTTON_CONTROL  text7        002854
__end_of_Col0            smallconst   001081
__end_of_Col1            smallconst   001079
__end_of_Col2            smallconst   001071
__end_of_Col3            smallconst   001069
__end_of_Col4            smallconst   001061
__end_of_Col5            smallconst   001059
__end_of_Col6            smallconst   001051
__end_of_Col7            smallconst   001049
__end_of_OSCILLATOR      text11       0029E8
__end_of_PIN_MANAGER     text10       00299C
__end_of_PRINT_SNAKE     text1        0021E8
__end_of_Row0            smallconst   001041
__end_of_Row1            smallconst   001039
__end_of_Row2            smallconst   001031
__end_of_Row3            smallconst   001029
__end_of_Row4            smallconst   001021
__end_of_Row5            smallconst   001019
__end_of_Row6            smallconst   001011
__end_of_Row7            smallconst   001009
__end_of___fladd         text4        001B98
__end_of___flge          text6        0026A6
__end_of___flmul         text5        001FC2
__end_of___flsub         text3        002968
__end_of___xxtofl        text2        0025A2
__end_of__initialization cinit        002918
__end_of_main            text0        0016D8
__initialization         cinit        0028D4
__mediumconst            mediumconst  000000
__pcinit                 cinit        0028D4
__pcstackBANK0           cstackBANK0  000060
__pcstackBANK1           cstackBANK1  000100
__pcstackCOMRAM          cstackCOMRAM 000001
__pdataBANK2             dataBANK2    000200
__pdataBANK3             dataBANK3    000300
__pidataBANK2            idataBANK2   0026A6
__pidataBANK3            idataBANK3   002854
__psmallconst            smallconst   001000
__ptext0                 text0        001082
__ptext1                 text1        001FC2
__ptext10                text10       002968
__ptext11                text11       0029E0
__ptext12                text12       0029BE
__ptext2                 text2        0023EE
__ptext3                 text3        002922
__ptext4                 text4        0016D8
__ptext5                 text5        001B98
__ptext6                 text6        0025A2
__ptext7                 text7        0027A6
__ptext8                 text8        0021E8
__ptext9                 text9        00299C
__ramtop                 ramtop       001000
__size_of_BOARD_CLEAN    (abs)        000000
__size_of_BOARD_FULL     (abs)        000000
__size_of_BOARD_LIGHT    (abs)        000000
__size_of_BUTTON_CONTROL (abs)        000000
__size_of_OSCILLATOR     (abs)        000000
__size_of_PIN_MANAGER    (abs)        000000
__size_of_PRINT_SNAKE    (abs)        000000
__size_of___fladd        (abs)        000000
__size_of___flge         (abs)        000000
__size_of___flmul        (abs)        000000
__size_of___flsub        (abs)        000000
__size_of___xxtofl       (abs)        000000
__size_of_main           (abs)        000000
__smallconst             smallconst   001000
_main                    text0        001082
end_of_initialization    cinit        002918
intlevel0                text         000000
intlevel1                text         000000
intlevel2                text         000000
intlevel3                text         000000
main@Cycle               cstackBANK0  0000ED
main@Direction           cstackBANK0  0000F9
main@F6318               dataBANK2    0002C0
main@F6320               dataBANK2    000280
main@F6325               dataBANK2    000200
main@F6327               dataBANK3    000300
main@FoodX               cstackCOMRAM 00005E
main@FoodXList           cstackBANK0  00006D
main@FoodY               cstackBANK0  0000F1
main@FoodYList           cstackBANK1  000100
main@Lost                cstackCOMRAM 00005C
main@SnakeLength         cstackBANK0  0000FA
main@SnakeX              cstackBANK1  000180
main@SnakeY              cstackBANK1  0001C0
main@i                   cstackBANK0  0000F3
main@i_493               cstackBANK0  0000F7
main@level               cstackBANK0  0000F5
stackhi                  (abs)        000F37
stacklo                  (abs)        000380
start                    init         000000
start_initialization     cinit        0028D4


FUNCTION INFORMATION:

 *************** function _main *****************
 Defined at:
		line 310 in file "main.c"
 Parameters:    Size  Location     Type
		None
 Auto vars:     Size  Location     Type
  i               2  151[BANK0 ] int 
  i               2  147[BANK0 ] int 
  FoodYList     128    0[BANK1 ] int [64]
  FoodXList     128   13[BANK0 ] int [64]
  SnakeY         64  192[BANK1 ] unsigned char [64]
  SnakeX         64  128[BANK1 ] unsigned char [64]
  Cycle           4  141[BANK0 ] unsigned char [64]
  SnakeLength     2  154[BANK0 ] int 
  level           2  149[BANK0 ] int 
  FoodY           2  145[BANK0 ] int 
  FoodX           2   93[COMRAM] int 
  Lost            2   91[COMRAM] int 
  Direction       1  153[BANK0 ] unsigned char 
 Return value:  Size  Location     Type
                  2  112[None  ] int 
 Registers used:
		wreg, fsr1l, fsr1h, fsr2l, fsr2h, status,2, status,0, tblptrl, tblptrh, tblptru, prodl, prodh, cstack
 Tracked objects:
		On entry : 
		On exit  : 
		Unchanged: 
 Data sizes:     COMRAM   BANK0   BANK1   BANK2   BANK3   BANK4   BANK5   BANK6   BANK7   BANK8   BANK9  BANK10  BANK11  BANK12  BANK13  BANK14  BANK15
      Params:         0       0       0       0       0       0       0       0       0       0       0       0       0       0       0       0       0
      Locals:         4     143     256       0       0       0       0       0       0       0       0       0       0       0       0       0       0
      Temps:          0       5       0       0       0       0       0       0       0       0       0       0       0       0       0       0       0
      Totals:         4     148     256       0       0       0       0       0       0       0       0       0       0       0       0       0       0
Total ram usage:      408 bytes
 Hardware stack levels required when called:    3
 This function calls:
		_BOARD_CLEAN
		_BOARD_FULL
		_BUTTON_CONTROL
		_OSCILLATOR
		_PIN_MANAGER
		_PRINT_SNAKE
 This function is called by:
		Startup code after reset
 This function uses a non-reentrant model


 *************** function _PRINT_SNAKE *****************
 Defined at:
		line 265 in file "main.c"
 Parameters:    Size  Location     Type
  Cycle           4   75[COMRAM] int 
  SnakeLength     2   79[COMRAM] int 
  SnakeX          2   81[COMRAM] PTR unsigned char 
		 -> main@SnakeX(64), 
  SnakeY          2   83[COMRAM] PTR unsigned char 
		 -> main@SnakeY(64), 
  FoodX           2   85[COMRAM] int 
  FoodY           2   87[COMRAM] int 
  Direction       1   89[COMRAM] unsigned char 
 Auto vars:     Size  Location     Type
  i               2    6[BANK0 ] int 
  j               2    4[BANK0 ] int 
 Return value:  Size  Location     Type
                  1    wreg      void 
 Registers used:
		wreg, fsr2l, fsr2h, status,2, status,0, tblptrl, tblptrh, tblptru, prodl, prodh, cstack
 Tracked objects:
		On entry : 
		On exit  : 
		Unchanged: 
 Data sizes:     COMRAM   BANK0   BANK1   BANK2   BANK3   BANK4   BANK5   BANK6   BANK7   BANK8   BANK9  BANK10  BANK11  BANK12  BANK13  BANK14  BANK15
      Params:        15       0       0       0       0       0       0       0       0       0       0       0       0       0       0       0       0
      Locals:         0       8       0       0       0       0       0       0       0       0       0       0       0       0       0       0       0
      Temps:          1       0       0       0       0       0       0       0       0       0       0       0       0       0       0       0       0
      Totals:        16       8       0       0       0       0       0       0       0       0       0       0       0       0       0       0       0
Total ram usage:       24 bytes
 Hardware stack levels used:    1
 Hardware stack levels required when called:    2
 This function calls:
		_BOARD_CLEAN
		_BOARD_LIGHT
		_BUTTON_CONTROL
		___fladd
		___flge
		___flmul
		___flsub
		___xxtofl
 This function is called by:
		_main
 This function uses a non-reentrant model


 *************** function ___xxtofl *****************
 Defined at:
		line 10 in file "/Applications/microchip/xc8/v2.31/pic/sources/c99/common/xxtofl.c"
 Parameters:    Size  Location     Type
  sign            1    wreg     unsigned char 
  val             4    0[COMRAM] long 
 Auto vars:     Size  Location     Type
  sign            1    8[COMRAM] unsigned char 
  arg             4   10[COMRAM] unsigned long 
  exp             1    9[COMRAM] unsigned char 
 Return value:  Size  Location     Type
                  4    0[COMRAM] unsigned char 
 Registers used:
		wreg, status,2, status,0
 Tracked objects:
		On entry : 
		On exit  : 
		Unchanged: 
 Data sizes:     COMRAM   BANK0   BANK1   BANK2   BANK3   BANK4   BANK5   BANK6   BANK7   BANK8   BANK9  BANK10  BANK11  BANK12  BANK13  BANK14  BANK15
      Params:         4       0       0       0       0       0       0       0       0       0       0       0       0       0       0       0       0
      Locals:         6       0       0       0       0       0       0       0       0       0       0       0       0       0       0       0       0
      Temps:          4       0       0       0       0       0       0       0       0       0       0       0       0       0       0       0       0
      Totals:        14       0       0       0       0       0       0       0       0       0       0       0       0       0       0       0       0
Total ram usage:       14 bytes
 Hardware stack levels used:    1
 This function calls:
		Nothing
 This function is called by:
		_PRINT_SNAKE
 This function uses a non-reentrant model


 *************** function ___flsub *****************
 Defined at:
		line 245 in file "/Applications/microchip/xc8/v2.31/pic/sources/c99/common/sprcadd.c"
 Parameters:    Size  Location     Type
  b               4   55[COMRAM] unsigned char 
  a               4   59[COMRAM] unsigned char 
 Auto vars:     Size  Location     Type
		None
 Return value:  Size  Location     Type
                  4   55[COMRAM] unsigned char 
 Registers used:
		wreg, status,2, status,0, cstack
 Tracked objects:
		On entry : 
		On exit  : 
		Unchanged: 
 Data sizes:     COMRAM   BANK0   BANK1   BANK2   BANK3   BANK4   BANK5   BANK6   BANK7   BANK8   BANK9  BANK10  BANK11  BANK12  BANK13  BANK14  BANK15
      Params:         8       0       0       0       0       0       0       0       0       0       0       0       0       0       0       0       0
      Locals:         0       0       0       0       0       0       0       0       0       0       0       0       0       0       0       0       0
      Temps:          0       0       0       0       0       0       0       0       0       0       0       0       0       0       0       0       0
      Totals:         8       0       0       0       0       0       0       0       0       0       0       0       0       0       0       0       0
Total ram usage:        8 bytes
 Hardware stack levels used:    1
 Hardware stack levels required when called:    1
 This function calls:
		___fladd
 This function is called by:
		_PRINT_SNAKE
 This function uses a non-reentrant model


 *************** function ___fladd *****************
 Defined at:
		line 10 in file "/Applications/microchip/xc8/v2.31/pic/sources/c99/common/sprcadd.c"
 Parameters:    Size  Location     Type
  b               4   39[COMRAM] unsigned char 
  a               4   43[COMRAM] unsigned char 
 Auto vars:     Size  Location     Type
  grs             1   54[COMRAM] unsigned char 
  bexp            1   53[COMRAM] unsigned char 
  aexp            1   52[COMRAM] unsigned char 
  signs           1   51[COMRAM] unsigned char 
 Return value:  Size  Location     Type
                  4   39[COMRAM] unsigned char 
 Registers used:
		wreg, status,2, status,0
 Tracked objects:
		On entry : 
		On exit  : 
		Unchanged: 
 Data sizes:     COMRAM   BANK0   BANK1   BANK2   BANK3   BANK4   BANK5   BANK6   BANK7   BANK8   BANK9  BANK10  BANK11  BANK12  BANK13  BANK14  BANK15
      Params:         8       0       0       0       0       0       0       0       0       0       0       0       0       0       0       0       0
      Locals:         4       0       0       0       0       0       0       0       0       0       0       0       0       0       0       0       0
      Temps:          4       0       0       0       0       0       0       0       0       0       0       0       0       0       0       0       0
      Totals:        16       0       0       0       0       0       0       0       0       0       0       0       0       0       0       0       0
Total ram usage:       16 bytes
 Hardware stack levels used:    1
 This function calls:
		Nothing
 This function is called by:
		_PRINT_SNAKE
		___flsub
 This function uses a non-reentrant model


 *************** function ___flmul *****************
 Defined at:
		line 8 in file "/Applications/microchip/xc8/v2.31/pic/sources/c99/common/sprcmul.c"
 Parameters:    Size  Location     Type
  b               4   14[COMRAM] unsigned char 
  a               4   18[COMRAM] unsigned char 
 Auto vars:     Size  Location     Type
  prod            4   33[COMRAM] struct .
  grs             4   27[COMRAM] unsigned long 
  temp            2   37[COMRAM] struct .
  bexp            1   32[COMRAM] unsigned char 
  aexp            1   31[COMRAM] unsigned char 
  sign            1   26[COMRAM] unsigned char 
 Return value:  Size  Location     Type
                  4   14[COMRAM] unsigned char 
 Registers used:
		wreg, status,2, status,0, prodl, prodh
 Tracked objects:
		On entry : 
		On exit  : 
		Unchanged: 
 Data sizes:     COMRAM   BANK0   BANK1   BANK2   BANK3   BANK4   BANK5   BANK6   BANK7   BANK8   BANK9  BANK10  BANK11  BANK12  BANK13  BANK14  BANK15
      Params:         8       0       0       0       0       0       0       0       0       0       0       0       0       0       0       0       0
      Locals:        13       0       0       0       0       0       0       0       0       0       0       0       0       0       0       0       0
      Temps:          4       0       0       0       0       0       0       0       0       0       0       0       0       0       0       0       0
      Totals:        25       0       0       0       0       0       0       0       0       0       0       0       0       0       0       0       0
Total ram usage:       25 bytes
 Hardware stack levels used:    1
 This function calls:
		Nothing
 This function is called by:
		_PRINT_SNAKE
 This function uses a non-reentrant model


 *************** function ___flge *****************
 Defined at:
		line 4 in file "/Applications/microchip/xc8/v2.31/pic/sources/c99/common/flge.c"
 Parameters:    Size  Location     Type
  ff1             4   63[COMRAM] unsigned char 
  ff2             4   67[COMRAM] unsigned char 
 Auto vars:     Size  Location     Type
		None
 Return value:  Size  Location     Type
		None               void
 Registers used:
		wreg, status,2, status,0
 Tracked objects:
		On entry : 
		On exit  : 
		Unchanged: 
 Data sizes:     COMRAM   BANK0   BANK1   BANK2   BANK3   BANK4   BANK5   BANK6   BANK7   BANK8   BANK9  BANK10  BANK11  BANK12  BANK13  BANK14  BANK15
      Params:         8       0       0       0       0       0       0       0       0       0       0       0       0       0       0       0       0
      Locals:         0       0       0       0       0       0       0       0       0       0       0       0       0       0       0       0       0
      Temps:          4       0       0       0       0       0       0       0       0       0       0       0       0       0       0       0       0
      Totals:        12       0       0       0       0       0       0       0       0       0       0       0       0       0       0       0       0
Total ram usage:       12 bytes
 Hardware stack levels used:    1
 This function calls:
		Nothing
 This function is called by:
		_PRINT_SNAKE
 This function uses a non-reentrant model


 *************** function _BUTTON_CONTROL *****************
 Defined at:
		line 233 in file "main.c"
 Parameters:    Size  Location     Type
  Direction       1    wreg     unsigned char 
 Auto vars:     Size  Location     Type
  Direction       1    0[COMRAM] unsigned char 
 Return value:  Size  Location     Type
                  1    wreg      unsigned char 
 Registers used:
		wreg, status,2, status,0
 Tracked objects:
		On entry : 
		On exit  : 
		Unchanged: 
 Data sizes:     COMRAM   BANK0   BANK1   BANK2   BANK3   BANK4   BANK5   BANK6   BANK7   BANK8   BANK9  BANK10  BANK11  BANK12  BANK13  BANK14  BANK15
      Params:         0       0       0       0       0       0       0       0       0       0       0       0       0       0       0       0       0
      Locals:         1       0       0       0       0       0       0       0       0       0       0       0       0       0       0       0       0
      Temps:          0       0       0       0       0       0       0       0       0       0       0       0       0       0       0       0       0
      Totals:         1       0       0       0       0       0       0       0       0       0       0       0       0       0       0       0       0
Total ram usage:        1 bytes
 Hardware stack levels used:    1
 This function calls:
		Nothing
 This function is called by:
		_PRINT_SNAKE
		_main
 This function uses a non-reentrant model


 *************** function _BOARD_LIGHT *****************
 Defined at:
		line 212 in file "main.c"
 Parameters:    Size  Location     Type
  X               1    wreg     unsigned char 
  Y               1    0[COMRAM] unsigned char 
 Auto vars:     Size  Location     Type
  X               1    2[COMRAM] unsigned char 
 Return value:  Size  Location     Type
                  1    wreg      void 
 Registers used:
		wreg, status,2, status,0, tblptrl, tblptrh, tblptru
 Tracked objects:
		On entry : 
		On exit  : 
		Unchanged: 
 Data sizes:     COMRAM   BANK0   BANK1   BANK2   BANK3   BANK4   BANK5   BANK6   BANK7   BANK8   BANK9  BANK10  BANK11  BANK12  BANK13  BANK14  BANK15
      Params:         1       0       0       0       0       0       0       0       0       0       0       0       0       0       0       0       0
      Locals:         1       0       0       0       0       0       0       0       0       0       0       0       0       0       0       0       0
      Temps:          1       0       0       0       0       0       0       0       0       0       0       0       0       0       0       0       0
      Totals:         3       0       0       0       0       0       0       0       0       0       0       0       0       0       0       0       0
Total ram usage:        3 bytes
 Hardware stack levels used:    1
 This function calls:
		Nothing
 This function is called by:
		_PRINT_SNAKE
 This function uses a non-reentrant model


 *************** function _BOARD_CLEAN *****************
 Defined at:
		line 168 in file "main.c"
 Parameters:    Size  Location     Type
		None
 Auto vars:     Size  Location     Type
		None
 Return value:  Size  Location     Type
                  1    wreg      void 
 Registers used:
		None
 Tracked objects:
		On entry : 
		On exit  : 
		Unchanged: 
 Data sizes:     COMRAM   BANK0   BANK1   BANK2   BANK3   BANK4   BANK5   BANK6   BANK7   BANK8   BANK9  BANK10  BANK11  BANK12  BANK13  BANK14  BANK15
      Params:         0       0       0       0       0       0       0       0       0       0       0       0       0       0       0       0       0
      Locals:         0       0       0       0       0       0       0       0       0       0       0       0       0       0       0       0       0
      Temps:          0       0       0       0       0       0       0       0       0       0       0       0       0       0       0       0       0
      Totals:         0       0       0       0       0       0       0       0       0       0       0       0       0       0       0       0       0
Total ram usage:        0 bytes
 Hardware stack levels used:    1
 This function calls:
		Nothing
 This function is called by:
		_PRINT_SNAKE
		_main
 This function uses a non-reentrant model


 *************** function _PIN_MANAGER *****************
 Defined at:
		line 136 in file "main.c"
 Parameters:    Size  Location     Type
		None
 Auto vars:     Size  Location     Type
		None
 Return value:  Size  Location     Type
                  1    wreg      void 
 Registers used:
		wreg, status,2
 Tracked objects:
		On entry : 
		On exit  : 
		Unchanged: 
 Data sizes:     COMRAM   BANK0   BANK1   BANK2   BANK3   BANK4   BANK5   BANK6   BANK7   BANK8   BANK9  BANK10  BANK11  BANK12  BANK13  BANK14  BANK15
      Params:         0       0       0       0       0       0       0       0       0       0       0       0       0       0       0       0       0
      Locals:         0       0       0       0       0       0       0       0       0       0       0       0       0       0       0       0       0
      Temps:          0       0       0       0       0       0       0       0       0       0       0       0       0       0       0       0       0
      Totals:         0       0       0       0       0       0       0       0       0       0       0       0       0       0       0       0       0
Total ram usage:        0 bytes
 Hardware stack levels used:    1
 This function calls:
		Nothing
 This function is called by:
		_main
 This function uses a non-reentrant model


 *************** function _OSCILLATOR *****************
 Defined at:
		line 129 in file "main.c"
 Parameters:    Size  Location     Type
		None
 Auto vars:     Size  Location     Type
		None
 Return value:  Size  Location     Type
                  1    wreg      void 
 Registers used:
		wreg, status,2
 Tracked objects:
		On entry : 
		On exit  : 
		Unchanged: 
 Data sizes:     COMRAM   BANK0   BANK1   BANK2   BANK3   BANK4   BANK5   BANK6   BANK7   BANK8   BANK9  BANK10  BANK11  BANK12  BANK13  BANK14  BANK15
      Params:         0       0       0       0       0       0       0       0       0       0       0       0       0       0       0       0       0
      Locals:         0       0       0       0       0       0       0       0       0       0       0       0       0       0       0       0       0
      Temps:          0       0       0       0       0       0       0       0       0       0       0       0       0       0       0       0       0
      Totals:         0       0       0       0       0       0       0       0       0       0       0       0       0       0       0       0       0
Total ram usage:        0 bytes
 Hardware stack levels used:    1
 This function calls:
		Nothing
 This function is called by:
		_main
 This function uses a non-reentrant model


 *************** function _BOARD_FULL *****************
 Defined at:
		line 190 in file "main.c"
 Parameters:    Size  Location     Type
		None
 Auto vars:     Size  Location     Type
		None
 Return value:  Size  Location     Type
                  1    wreg      void 
 Registers used:
		None
 Tracked objects:
		On entry : 
		On exit  : 
		Unchanged: 
 Data sizes:     COMRAM   BANK0   BANK1   BANK2   BANK3   BANK4   BANK5   BANK6   BANK7   BANK8   BANK9  BANK10  BANK11  BANK12  BANK13  BANK14  BANK15
      Params:         0       0       0       0       0       0       0       0       0       0       0       0       0       0       0       0       0
      Locals:         0       0       0       0       0       0       0       0       0       0       0       0       0       0       0       0       0
      Temps:          0       0       0       0       0       0       0       0       0       0       0       0       0       0       0       0       0
      Totals:         0       0       0       0       0       0       0       0       0       0       0       0       0       0       0       0       0
Total ram usage:        0 bytes
 Hardware stack levels used:    1
 This function calls:
		Nothing
 This function is called by:
		_main
 This function uses a non-reentrant model



MODULE INFORMATION

Module		Function		Class		Link	Load	Size
/Applications/microchip/xc8/v2.31/pic/sources/c99/common/sprcmul.c
		___flmul       		CODE           	1B98	0000	1066

/Applications/microchip/xc8/v2.31/pic/sources/c99/common/sprcmul.c estimated size: 1066

/Applications/microchip/xc8/v2.31/pic/sources/c99/common/xxtofl.c
		___xxtofl      		CODE           	23EE	0000	436

/Applications/microchip/xc8/v2.31/pic/sources/c99/common/xxtofl.c estimated size: 436

shared
		_Row5          		SMALLCONST     	1011	0000	8
		_Col1          		SMALLCONST     	1071	0000	8
		_Row6          		SMALLCONST     	1009	0000	8
		_Col2          		SMALLCONST     	1069	0000	8
		_Row7          		SMALLCONST     	1001	0000	8
		_Col3          		SMALLCONST     	1061	0000	8
		_Col4          		SMALLCONST     	1059	0000	8
		_Col5          		SMALLCONST     	1051	0000	8
		_Col6          		SMALLCONST     	1049	0000	8
		__initialization		CODE           	28D4	0000	68
		_Col7          		SMALLCONST     	1041	0000	8
		_Row0          		SMALLCONST     	1039	0000	8
		_Row1          		SMALLCONST     	1031	0000	8
		_Row2          		SMALLCONST     	1029	0000	8
		_Row3          		SMALLCONST     	1021	0000	8
		_Row4          		SMALLCONST     	1019	0000	8
		_Col0          		SMALLCONST     	1079	0000	8

shared estimated size: 196

/Applications/microchip/xc8/v2.31/pic/sources/c99/common/sprcadd.c
		___flsub       		CODE           	2922	0000	70
		___fladd       		CODE           	16D8	0000	1216

/Applications/microchip/xc8/v2.31/pic/sources/c99/common/sprcadd.c estimated size: 1286

/Applications/microchip/xc8/v2.31/pic/sources/c99/common/flge.c
		___flge        		CODE           	25A2	0000	260

/Applications/microchip/xc8/v2.31/pic/sources/c99/common/flge.c estimated size: 260

main.c
		_BOARD_LIGHT   		CODE           	21E8	0000	518
		_main          		CODE           	1082	0000	1622
		_PIN_MANAGER   		CODE           	2968	0000	52
		_BUTTON_CONTROL		CODE           	27A6	0000	174
		_PRINT_SNAKE   		CODE           	1FC2	0000	550
		_OSCILLATOR    		CODE           	29E0	0000	8
		_BOARD_CLEAN   		CODE           	299C	0000	34
		_BOARD_FULL    		CODE           	29BE	0000	34

main.c estimated size: 2992

